// Vitest Snapshot v1

exports[`SearchForm > PostList renders tags for each post 2 1`] = `""`;
